// Jest Snapshot v1, https://goo.gl/fbAQLP

exports[`render an ExpenseListItem from expensesDummy 1`] = `
<[object Object]
  className="list-item"
  to="/edit/undefined"
>
  <div>
    <h3
      className="list-item__title"
    />
    <span
      className="list-item__sub-title"
    >
      December 31st 1969
    </span>
  </div>
  <h3
    className="list-item__data"
  >
    $0.00
  </h3>
</[object Object]>
`;
